../Core/Src/main.c:160:6:init_motor	24	static
../Core/Src/main.c:170:6:motor_set_speed	16	static
../Core/Src/main.c:184:6:motor_set_direction	24	static
../Core/Src/main.c:201:6:Display	32	static
../Core/Src/main.c:247:6:GetButtonInput	8	static
../Core/Src/main.c:277:5:Tick	16	static
../Core/Src/main.c:286:6:MenuOk	8	static
../Core/Src/main.c:348:6:button_up_callback	16	static
../Core/Src/main.c:359:6:button_down_callback	16	static
../Core/Src/main.c:369:6:motor_info	16	static
../Core/Src/main.c:382:5:main	112	static
../Core/Src/main.c:497:6:SystemClock_Config	88	static
../Core/Src/main.c:542:6:Error_Handler	4	static,ignoring_inline_asm
