../Core/Src/unity.c:77:1:setUp	4	static
../Core/Src/unity.c:78:1:tearDown	4	static
../Core/Src/unity.c:83:13:UnityPrintChar	16	static
../Core/Src/unity.c:133:6:UnityPrint	16	static
../Core/Src/unity.c:165:6:UnityPrintLen	24	static
../Core/Src/unity.c:203:6:UnityPrintNumberByStyle	16	static
../Core/Src/unity.c:254:6:UnityPrintNumber	24	static
../Core/Src/unity.c:269:6:UnityPrintNumberUnsigned	24	static
../Core/Src/unity.c:288:6:UnityPrintNumberHex	24	static
../Core/Src/unity.c:314:6:UnityPrintMask	24	static
../Core/Src/unity.c:349:6:UnityPrintFloat	72	static
../Core/Src/unity.c:510:13:UnityTestResultsBegin	16	static
../Core/Src/unity.c:553:13:UnityTestResultsFailBegin	16	static
../Core/Src/unity.c:561:6:UnityConcludeTest	8	static
../Core/Src/unity.c:585:13:UnityAddMsgIfSpecified	16	static
../Core/Src/unity.c:612:13:UnityPrintExpectedAndActualStrings	16	static
../Core/Src/unity.c:639:13:UnityPrintExpectedAndActualStringsLen	24	static
../Core/Src/unity.c:672:12:UnityIsOneArrayNull	24	static
../Core/Src/unity.c:706:6:UnityAssertBits	24	static
../Core/Src/unity.c:727:6:UnityAssertEqualNumber	24	static
../Core/Src/unity.c:748:6:UnityAssertGreaterOrLessOrEqualNumber	32	static
../Core/Src/unity.c:796:6:UnityAssertEqualIntArray	48	static
../Core/Src/unity.c:941:12:UnityFloatsWithin	32	static
../Core/Src/unity.c:948:6:UnityAssertWithinFloatArray	56	static
../Core/Src/unity.c:1028:6:UnityAssertFloatsWithin	32	static
../Core/Src/unity.c:1047:6:UnityAssertFloatsNotWithin	32	static
../Core/Src/unity.c:1068:6:UnityAssertGreaterOrLessFloat	40	static
../Core/Src/unity.c:1101:6:UnityAssertFloatSpecial	64	static
../Core/Src/unity.c:1395:6:UnityAssertNumbersWithin	24	static
../Core/Src/unity.c:1442:6:UnityAssertNumbersArrayWithin	48	static
../Core/Src/unity.c:1606:6:UnityAssertEqualString	32	static
../Core/Src/unity.c:1645:6:UnityAssertEqualStringLen	32	static
../Core/Src/unity.c:1685:6:UnityAssertEqualStringArray	40	static
../Core/Src/unity.c:1768:6:UnityAssertEqualMemory	40	static
../Core/Src/unity.c:1857:20:UnityNumToPtr	16	static
../Core/Src/unity.c:1883:20:UnityFloatToPtr	16	static
../Core/Src/unity.c:2139:6:UnityFail	16	static
../Core/Src/unity.c:2176:6:UnityIgnore	16	static
../Core/Src/unity.c:2192:6:UnityMessage	16	static
../Core/Src/unity.c:2208:6:UnityDefaultTestRun	24	static
../Core/Src/unity.c:2230:6:UnitySetTestFile	16	static
../Core/Src/unity.c:2236:6:UnityBegin	16	static
../Core/Src/unity.c:2252:5:UnityEnd	8	static
